{
  "primary": {
    "n_chains": 16,
    "mean": 0.6584858041893424,
    "between_chain_sd": 0.013933461099169906,
    "sem": 0.0034833652747924765,
    "ci95_low": 0.6510611868573689,
    "ci95_high": 0.665910421521316,
    "t_star": 0.5073270960501507,
    "t_critical_df15": 2.131449545559323
  },
  "burnin_sensitivity": {
    "32000": {
      "n_chains": 16,
      "mean": 0.6584858041893424,
      "between_chain_sd": 0.013933461099169906,
      "sem": 0.0034833652747924765,
      "ci95_low": 0.6510611868573689,
      "ci95_high": 0.665910421521316,
      "t_star": 0.5073270960501507,
      "t_critical_df15": 2.131449545559323
    },
    "48000": {
      "n_chains": 16,
      "mean": 0.6563902448157215,
      "between_chain_sd": 0.014312547604195052,
      "sem": 0.003578136901048763,
      "ci95_low": 0.6487636265440321,
      "ci95_high": 0.6640168630874109,
      "t_star": -0.0917666912583174,
      "t_critical_df15": 2.131449545559323
    },
    "64000": {
      "n_chains": 16,
      "mean": 0.6570658658107211,
      "between_chain_sd": 0.01625691453052244,
      "sem": 0.00406422863263061,
      "ci95_low": 0.6484031675386515,
      "ci95_high": 0.6657285640827908,
      "t_star": 0.0854448019811129,
      "t_critical_df15": 2.131449545559323
    }
  },
  "first_half": {
    "n_chains": 16,
    "mean": 0.6523544653207947,
    "between_chain_sd": 0.019955626729811066,
    "sem": 0.004988906682452767,
    "ci95_low": 0.6417208624396429,
    "ci95_high": 0.6629880682019464,
    "t_star": -0.8747674705071399,
    "t_critical_df15": 2.131449545559323
  },
  "second_half": {
    "n_chains": 16,
    "mean": 0.6646171430578902,
    "between_chain_sd": 0.01870326138985071,
    "sem": 0.004675815347462677,
    "ci95_low": 0.6546508785604216,
    "ci95_high": 0.6745834075553588,
    "t_star": 1.6892336140212012,
    "t_critical_df15": 2.131449545559323
  },
  "paired_half_comparison": {
    "mean_second_minus_first": 0.012262677737095558,
    "between_chain_sd": 0.026823733833769944,
    "sem": 0.006705933458442486,
    "ci95_low": -0.002030681085452738,
    "ci95_high": 0.026556036559643854,
    "t_vs_zero": 1.8286309897181228
  },
  "old_new_compatibility": {
    "E_old": 0.66755254,
    "SEM_old": 0.00496588,
    "E_new_minus_E_old": -0.009066735810657534,
    "SEM_comb": 0.006065789133495333,
    "difference_combined_sem_units": -1.4947331025061439
  }
}
